 ⨯ SyntaxError: Unexpected end of JSON input
    at JSON.parse (<anonymous>) {
  page: '/terms'
}
 ⨯ ./app/events/page.tsx
Error:   [31mx[0m Expected '{', got 'interface'
    ,-[[36;1;4mD:\PulseSeat\apps\web\app\events\page.tsx[0m:8:1]
 [2m 5[0m | import Link from 'next/link';
 [2m 6[0m | import { useState, useEffect } from 'react';
 [2m 7[0m | import { useSearchParams } from 'next/navigation';
 [2m 8[0m | export interface EventCardEvent {
    : [35;1m       ^^^^^^^^^[0m
 [2m 9[0m | import { apiClient } from '@/lib/api';
 [2m10[0m | import { CitySelect } from '@/components/ui/city-select';
 [2m11[0m | import { EventCard } from '@/components/events/event-card';
    `----

Caused by:
    Syntax Error

Import trace for requested module:
./app/events/page.tsx
 ⨯ ./app/events/page.tsx
Error:   [31mx[0m Expected '{', got 'interface'
    ,-[[36;1;4mD:\PulseSeat\apps\web\app\events\page.tsx[0m:8:1]
 [2m 5[0m | import Link from 'next/link';
 [2m 6[0m | import { useState, useEffect } from 'react';
 [2m 7[0m | import { useSearchParams } from 'next/navigation';
 [2m 8[0m | export interface EventCardEvent {
    : [35;1m       ^^^^^^^^^[0m
 [2m 9[0m | import { apiClient } from '@/lib/api';
 [2m10[0m | import { CitySelect } from '@/components/ui/city-select';
 [2m11[0m | import { EventCard } from '@/components/events/event-card';
    `----

Caused by:
    Syntax Error

Import trace for requested module:
./app/events/page.tsx
 ⚠ Fast Refresh had to perform a full reload. Read more: https://nextjs.org/docs/messages/fast-refresh-reload
 ⚠ Fast Refresh had to perform a full reload. Read more: https://nextjs.org/docs/messages/fast-refresh-reload
 ⚠ Fast Refresh had to perform a full reload. Read more: https://nextjs.org/docs/messages/fast-refresh-reload
 ⨯ SyntaxError: Unexpected end of JSON input
    at JSON.parse (<anonymous>) {
  page: '/'
}
